FLOAT(1.30)(lineNum:1, charPos:1)
IDENTIFIER(e23)(lineNum:1, charPos:5)
EOF(lineNum:1, charPos:8)